---
source: crates/greentic-runner/tests/snapshots.rs
expression: normalized_actual
---
{
  "component_events": [
    {
      "component_id": "component.exec",
      "node_id": "qa",
      "operation": "process",
      "payload": {
        "component": "qa.process",
        "input": {
          "text": "hello"
        },
        "operation": "process"
      }
    },
    {
      "component_id": "component.exec",
      "node_id": "emit",
      "operation": "",
      "payload": {
        "text": "Echo: hello"
      }
    }
  ],
  "output": [
    {
      "text": "Echo: hello"
    }
  ],
  "status": "completed"
}
